<html>
<body>
<pre>
<h1>礦ision Build Log</h1>
<h2>Tool Versions:</h2>
IDE-Version: μVision V5.15
Copyright (C) 2015 ARM Ltd and ARM Germany GmbH. All rights reserved.
License Information: hau Qiu, mldfg, LIC=----
 
Tool Versions:
Toolchain:       MDK-Lite  Version: 5.15.0
Toolchain Path:  D:\keil\ARM\ARMCC\Bin
C Compiler:      Armcc.exe V5.05 update 2 (build 169)
Assembler:       Armasm.exe V5.05 update 2 (build 169)
Linker/Locator:  ArmLink.exe V5.05 update 2 (build 169)
Library Manager: ArmAr.exe V5.05 update 2 (build 169)
Hex Converter:   FromElf.exe V5.05 update 2 (build 169)
CPU DLL:         SARMCM3.DLL V5.15.0
Dialog DLL:      DCM.DLL V1.13.2.0
Target DLL:      STLink\ST-LINKIII-KEIL_SWO.dll V2.0.15.0_KEIL
Dialog DLL:      TCM.DLL V1.14.5.0
 
<h2>Project:</h2>
D:\Users\Qiu\Desktop\7.1、STM32F103C8T6应用程序\USER\BKM32.uvprojx
Project File Date:  12/18/2022

<h2>Output:</h2>
*** Using Compiler 'V5.05 update 2 (build 169)', folder: 'D:\keil\ARM\ARMCC\Bin'
Build target 'Template'
compiling main.c...
..\HARDWARE\RTC\rtc.h(32): warning:  #1295-D: Deprecated declaration eunm - give arg types
  void eunm();
..\HARDWARE\RTC\rtc.h(33): warning:  #1295-D: Deprecated declaration show - give arg types
  void show();
main.c(22): warning:  #1295-D: Deprecated declaration oledShow - give arg types
  void oledShow();
main.c(53): warning:  #167-D: argument of type "char *" is incompatible with parameter of type "u8 *"
                SYN_FrameInfo(2, date);
main.c(54): warning:  #167-D: argument of type "char *" is incompatible with parameter of type "u8 *"
                SYN_FrameInfo(2, time);
main.c(34): warning:  #177-D: variable "key" was declared but never referenced
        u8 key = 0;
main.c: 6 warnings, 0 errors
linking...
Program Size: Code=6876 RO-data=2364 RW-data=52 ZI-data=1284  
FromELF: creating hex file...
"..\OBJ\BKM32.axf" - 0 Error(s), 6 Warning(s).

<h2>Collection of Component include folders:</h2>
  D:\Users\Qiu\Desktop\7.1、STM32F103C8T6应用程序\USER\RTE
  D:\keil\ARM\PACK\Keil\STM32F1xx_DFP\2.4.0\Device\Include

<h2>Collection of Component Files used:</h2>
</pre>
</body>
</html>
